A51 MACRO ASSEMBLER      AFUN                                                                DATE  09/05/10   PAGE     1


MS-DOS MACRO ASSEMBLER A51 V4.6
OBJECT MODULE PLACED IN AFUN.OBJ
ASSEMBLER INVOKED BY:  A51 AFUN.ASM


LOC  OBJ            LINE     SOURCE

                       1     $DEBUG
                       2     $NOMOD51
                       3     $INCLUDE        (\C51V4\ASM\REG52.INC)
                =1     4     ;/* (c) Copyright KEIL ELEKTRONIK GmbH.  1990, All rights reserved. */
                =1     5     ;/* 8052 Processor Declarations */
                =1     6     ;
                =1     7     ; BYTE Registers
  0080          =1     8     P0      DATA    80H
  0090          =1     9     P1      DATA    90H
  00A0          =1    10     P2      DATA    0A0H
  00B0          =1    11     P3      DATA    0B0H
  00D0          =1    12     PSW     DATA    0D0H
  00E0          =1    13     ACC     DATA    0E0H
  00F0          =1    14     B       DATA    0F0H
  0081          =1    15     SP      DATA    81H
  0082          =1    16     DPL     DATA    82H
  0083          =1    17     DPH     DATA    83H
  0087          =1    18     PCON    DATA    87H
  0088          =1    19     TCON    DATA    88H
  0089          =1    20     TMOD    DATA    89H
  008A          =1    21     TL0     DATA    8AH
  008B          =1    22     TL1     DATA    8BH
  008C          =1    23     TH0     DATA    8CH
  008D          =1    24     TH1     DATA    8DH
  00A8          =1    25     IE      DATA    0A8H
  00B8          =1    26     IP      DATA    0B8H
  0098          =1    27     SCON    DATA    98H
  0099          =1    28     SBUF    DATA    99H
                =1    29     
                =1    30     ; 8052 Extensions
  00C8          =1    31     T2CON   DATA    0C8H
  00CA          =1    32     RCAP2L  DATA    0CAH
  00CB          =1    33     RCAP2H  DATA    0CBH
  00CC          =1    34     TL2     DATA    0CCH
  00CD          =1    35     TH2     DATA    0CDH
                =1    36     
                =1    37     
                =1    38     ; BIT Registers
                =1    39     ; PSW
  00D7          =1    40     CY      BIT     0D7H
  00D6          =1    41     AC      BIT     0D6H
  00D5          =1    42     F0      BIT     0D5H
  00D4          =1    43     RS1     BIT     0D4H
  00D3          =1    44     RS0     BIT     0D3H
  00D2          =1    45     OV      BIT     0D2H
  00D0          =1    46     P       BIT     0D0H
                =1    47     ; TCON
  008F          =1    48     TF1     BIT     8FH
  008E          =1    49     TR1     BIT     8EH
  008D          =1    50     TF0     BIT     8DH
  008C          =1    51     TR0     BIT     8CH
  008B          =1    52     IE1     BIT     8BH
  008A          =1    53     IT1     BIT     8AH
  0089          =1    54     IE0     BIT     89H
A51 MACRO ASSEMBLER      AFUN                                                                DATE  09/05/10   PAGE     2


LOC  OBJ            LINE     SOURCE

  0088          =1    55     IT0     BIT     88H
                =1    56     ; IE 
  00AF          =1    57     EA      BIT     0AFH
  00AC          =1    58     ES      BIT     0ACH
  00AB          =1    59     ET1     BIT     0ABH
  00AA          =1    60     EX1     BIT     0AAH
  00A9          =1    61     ET0     BIT     0A9H
  00A8          =1    62     EX0     BIT     0A8H
                =1    63     ; IP 
  00BC          =1    64     PS      BIT     0BCH
  00BB          =1    65     PT1     BIT     0BBH
  00BA          =1    66     PX1     BIT     0BAH
  00B9          =1    67     PT0     BIT     0B9H
  00B8          =1    68     PX0     BIT     0B8H
                =1    69     ; P3
  00B7          =1    70     RD      BIT     0B7H
  00B6          =1    71     WR      BIT     0B6H
  00B5          =1    72     T1      BIT     0B5H
  00B4          =1    73     T0      BIT     0B4H
  00B3          =1    74     INT1    BIT     0B3H
  00B2          =1    75     INT0    BIT     0B2H
  00B1          =1    76     TXD     BIT     0B1H
  00B0          =1    77     RXD     BIT     0B0H
                =1    78     ; SCON
  009F          =1    79     SM0     BIT     9FH
  009E          =1    80     SM1     BIT     9EH
  009D          =1    81     SM2     BIT     9DH
  009C          =1    82     REN     BIT     9CH
  009B          =1    83     TB8     BIT     9BH
  009A          =1    84     RB8     BIT     9AH
  0099          =1    85     TI      BIT     99H
  0098          =1    86     RI      BIT     98H
                =1    87     
                =1    88     ; 8052 Extensions
                =1    89     ; IE
  00AD          =1    90     ET2     BIT     0ADH
                =1    91     ; IP
  00BD          =1    92     PT2     BIT     0BDH
                =1    93     ; P1
  0091          =1    94     T2EX    BIT     91H
  0090          =1    95     T2      BIT     90H
                =1    96     ; T2CON
  00CF          =1    97     TF2     BIT     0CFH
  00CE          =1    98     EXF2    BIT     0CEH
  00CD          =1    99     RCLK    BIT     0CDH
  00CC          =1   100     TCLK    BIT     0CCH
  00CB          =1   101     EXEN2   BIT     0CBH
  00CA          =1   102     TR2     BIT     0CAH
  00C9          =1   103     C_T2    BIT     0C9H
  00C8          =1   104     CP_RL2  BIT     0C8H
                     105     
                     106     ;
                     107     ;               ASSEMBLER CODED ROUTINES
                     108     ;
                     109     ;================================================================
                     110     ;
                     111     XPUT            MACRO   DESTINATION, SOURCE
                     112                     MOV     DPTR, #DESTINATION
                     113                     MOV     A, #LOW(SOURCE)
A51 MACRO ASSEMBLER      AFUN                                                                DATE  09/05/10   PAGE     3


LOC  OBJ            LINE     SOURCE

                     114                     MOVX    @DPTR, A
                     115                     ENDM
                     116     ;
                     117     LOOKUP          MACRO   TABLE, OFFSET
                     118                     ADD     A, #((TABLE-$)-(OFFSET+3))
                     119                     MOVC    A, @A+PC
                     120                     ENDM
                     121     ;
                     122     ;================================================================
                     123     ;
  0090               124     ADATA      EQU  P1.0
  0091               125     ASEL       EQU  P1.1
  0092               126     ACAL       EQU  P1.2
  0093               127     SCL        EQU  P1.3
  0096               128     KBDBIT     EQU  P1.6
  0097               129     SPOUT      EQU  P1.7
  FF02               130     PORTA      EQU  0FF02H
  FF02               131     PORTB      EQU  0FF02H
                     132     ;
                     133     ;================================================================
                     134     ;
                     135     NAME            AFUN
                     136     
                     137     PUBLIC          _NADA, _BELL, _PUTCHAR, _FLAG, WATCHDOG, CLRSCR
                     138     PUBLIC          KBHIT, MAGTAB, ATODIN, RECYCLE, _RELSET
                     139     PUBLIC          _MIRROR, _LCDTRAN
                     140     EXTRN           BIT (FKEY, FSCROLL, FSTAB, OCHECK,FL2X16)
                     141     EXTRN           DATA (CURSOR, BEEPTIME, SKEY, PKEY, SCODE, PCODE, SCANCODE,BIMAGE)
                     142     EXTRN           XDATA (DISBUF, DISFLAG, CYCLAD, RELBUF, DISCOM)
                     143     
                     144     ?PR?AFUN        SEGMENT   CODE
                     145     ;
                     146     ;================================================================
                     147     ;
----                 148                     RSEG    ?PR?AFUN
                     149     ;
                     150     ;================================================================
                     151     ;
                     152     ;       DUMMY FUNCTION, USED FOR DEBUGGING PURPOSE ONLY
                     153     ;
                     154     
0000 22              155     _NADA:          RET
                     156     ;
                     157     ;================================================================
                     158     ;
                     159     ;       WATCHDOG HANDLER
                     160     ;
0001                 161     WATCHDOG:
0001 C293            162                     CLR    SCL
0003 00              163                     NOP
0004 D293            164                     SETB   SCL
0006 22              165                     RET
                     166     ;
                     167     ;================================================================
                     168     ;
                     169     ;       BASIC ONE CHARACTER DISPLAY ROUTINE
                     170     ;
0007 BF070E          171     _PUTCHAR:       CJNE    R7, #7, NOBELL
000A 7F01            172                     MOV     R7, #1
A51 MACRO ASSEMBLER      AFUN                                                                DATE  09/05/10   PAGE     4


LOC  OBJ            LINE     SOURCE

000C 900000   F      173     _BELL:          MOV     DPTR, #DISCOM
000F E0              174                     MOVX    A, @DPTR
0010 6F              175                     XRL     A, R7
0011 54F0            176                     ANL     A, #0F0H
0013 6F              177                     XRL     A, R7
0014 4408            178                     ORL     A, #8
0016 F0              179                     MOVX    @DPTR, A
0017 22              180                     RET
0018 5017            181     NOBELL:         JNC     NOCURSOR
001A BF0001          182                     CJNE    R7, #0, SETCURSOR
001D 22              183                     RET
001E 8F00     F      184     SETCURSOR:      MOV     CURSOR, R7
0020 22              185                     RET
0021 900000   F      186     CLRSCR:         MOV     DPTR, #DISFLAG
0024 7E08            187                     MOV     R6, #8
0026 E4              188                     CLR     A
0027 F0              189     NOMAG:          MOVX    @DPTR, A
0028 0582            190                     INC     DPL
002A DEFB            191                     DJNZ    R6, NOMAG
002C 22              192                     RET
002D 750001   F      193     NEWLINE:        MOV     CURSOR, #1      ;CURSOR HOME
0030 22              194                     RET
0031 BF1000          195     NOCURSOR:       CJNE    R7, #10H, $+3
0034 40F7            196                     JC      NEWLINE
0036 BF2000          197                     CJNE    R7, #20H, $+3
0039 40E6            198                     JC      CLRSCR
003B 900000   F      199                     MOV     DPTR, #DISFLAG-1
003E 530007   F      200                     ANL     CURSOR, #7      ;KEEPING THE CURSOR BETWEEN LIMITS
0041 E500     F      201                     MOV     A, CURSOR
0043 7003            202                     JNZ     CURSOK
0045 04              203                     INC     A
0046 F500     F      204                     MOV     CURSOR, A
0048 BF2E0D          205     CURSOK:         CJNE    R7, #'.', GOCHAR
004B D5E001          206                     DJNZ    ACC, PERIOD      ;DECIMAL PERIOD HANDLING
004E 22              207                     RET                      ;NO PERIOD BEFORE FIRST CHARACTER
004F 2582            208     PERIOD:         ADD     A, DPL
0051 F582            209                     MOV     DPL, A
0053 E0              210                     MOVX    A, @DPTR
0054 4420            211                     ORL     A, #20H
0056 F0              212                     MOVX    @DPTR, A
0057 22              213                     RET
0058 BF8000          214     GOCHAR:         CJNE    R7, #80H, $+3    ;LOWER CASE CHARACTERS NOT ALLOWED
005B 5013            215                     JNC     NOPUT
005D B40700          216                     CJNE    A, #7, $+3       ;CHECKING THE CURSOR FOR SCROLLING
0060 92D5            217                     MOV     F0, C            ;IF CURSOR = 7, F0 CLEAR FOR SCROLL
0062 2582            218                     ADD     A, DPL
0064 F582            219                     MOV     DPL, A           ;INSERTING THE 7 SEGMENTS ENCODED
0066 EF              220                     MOV     A, R7            ;CHARACTER AT THE CURSOR POSITION
                     221                     LOOKUP  MAGTAB, 20H      ;MAG DISPLAY DECODER
0067 24F5            222+1                   ADD     A, #((MAGTAB-$)-(20H+3))
0069 83              223+1                   MOVC    A, @A+PC
006A 30D504          224                     JNB     F0, SCROLL       ;UNLESS IT IS AT THE END OF THE LINE
006D F0              225                     MOVX    @DPTR, A
006E 0500     F      226                     INC     CURSOR
0070 22              227     NOPUT:          RET
0071 3000FC   F      228     SCROLL:         JNB     FSCROLL, NOPUT   ;END OF LINE REACHED, SCROLL IF
0074 7D06            229                     MOV     R5, #6           ;FSCROLL FLAG IS SET
0076 FE              230                     MOV     R6, A
0077 1582            231     SCRLOOP:        DEC     DPL
A51 MACRO ASSEMBLER      AFUN                                                                DATE  09/05/10   PAGE     5


LOC  OBJ            LINE     SOURCE

0079 E0              232                     MOVX    A, @DPTR
007A CE              233                     XCH     A, R6
007B F0              234                     MOVX    @DPTR, A
007C DDF9            235                     DJNZ    R5, SCRLOOP
007E 22              236                     RET
                     237     ;
                     238     ;================================================================
                     239     ;                  a
                     240     ;               …ÕÕÕÕÕª        Location inside byte :
                     241     ;             f ∫  g  ∫ b
                     242     ;               ÃÕÕÕÕÕπ         b    c    p    a    g    d    f    e
                     243     ;             e ∫     ∫ c      ƒƒƒ  ƒƒƒ  ƒƒƒ  ƒƒƒ  ƒƒƒ  ƒƒƒ  ƒƒƒ  ƒƒƒ
                     244     ;               »ÕÕÕÕÕº  ‹      7                                  0
                     245     ;                  d     p - decimal period position
                     246     ;
                     247     ;
007F 000382C3        248     MAGTAB:         DB      000H, 003H, 082H, 0C3H, 000H, 09AH, 000H, 080H ;20H
0083 009A0080  
0087 17D44D0B        249                     DB      017H, 0D4H, 04DH, 00BH, 040H, 008H, 001H, 089H
008B 40080189  
008F D7C09DDC        250                     DB      0D7H, 0C0H, 09DH, 0DCH, 0CAH, 05EH, 05FH, 0D0H ;30H
0093 CA5E5FD0  
0097 DFDE0000        251                     DB      0DFH, 0DEH, 000H, 000H, 000H, 00CH, 000H, 000H
009B 000C0000  
009F 00DB4F17        252                     DB      000H, 0DBH, 04FH, 017H, 0CDH, 01FH, 01BH, 057H ;40H
00A3 CD1F1B57  
00A7 CBC0C58F        253                     DB      0CBH, 0C0H, 0C5H, 08FH, 007H, 0D3H, 049H, 0D7H
00AB 07D349D7  
00AF 9B00095E        254                     DB      09BH, 000H, 009H, 05EH, 00FH, 0C7H, 045H, 000H ;50H
00B3 0FC74500  
00B7 1CCE9D03        255                     DB      01CH, 0CEH, 09DH, 003H, 04AH, 0C0H, 010H, 004H
00BB 4AC01004  
00BF 0FD4D9D0        256                     DB      00FH, 0D4H, 0D9H, 0D0H, 0D1H, 0C0H, 04AH, 0D3H ;Ä,Å,Ç
00C3 D1C04AD3  
00C7 47804C4C        257                     DB      047H, 080H, 04CH, 04CH, 04EH, 04DH, 04DH, 0C4H ;à,â,ã
00CB 4E4D4DC4  
00CF C4D78FD5        258                     DB      0C4H, 0D7H, 08FH, 0D5H, 0D5H, 08BH, 08BH, 091H ;ê,ë,í
00D3 D58B8B91  
00D7 48554900        259                     DB      048H, 055H, 049H, 000H, 000H, 000H, 000H, 000H ;ò,ô,ö
00DB 00000000  
                     260     ;
                     261     ;================================================================
                     262     ;
                     263     ;       LCD VISUAL INDICATORS HANDLING
                     264     ;
00DF E4              265     _FLAG:          CLR     A
00E0 CF              266                     XCH     A, R7
00E1 900000   F      267                     MOV     DPTR, #DISFLAG+7
                     268                     LOOKUP  FLAGTAB, 0
00E4 2417            269+1                   ADD     A, #((FLAGTAB-$)-(0+3))
00E6 83              270+1                   MOVC    A, @A+PC
00E7 10E002          271                     JBC     ACC.0, $+5
00EA 1582            272                     DEC     DPL
00EC FC              273                     MOV     R4, A
00ED E0              274                     MOVX    A, @DPTR
00EE 5C              275                     ANL     A, R4
00EF 6001            276                     JZ      $+3
00F1 0F              277                     INC     R7
00F2 E0              278                     MOVX    A, @DPTR
A51 MACRO ASSEMBLER      AFUN                                                                DATE  09/05/10   PAGE     6


LOC  OBJ            LINE     SOURCE

00F3 4C              279                     ORL     A, R4
00F4 BD0102          280                     CJNE    R5, #1, MAGOUT
00F7 F0              281                     MOVX    @DPTR, A
00F8 22              282                     RET
00F9 5002            283     MAGOUT:         JNC     NOFLAG
00FB 6C              284                     XRL     A, R4
00FC F0              285                     MOVX    @DPTR, A
00FD 22              286     NOFLAG:         RET
                     287     ;
00FE 11418105        288     FLAGTAB:        DB      011H, 041H, 081H, 005H, 003H, 021H, 009H
0102 032109    
0105 08028010        289                     DB      008H, 002H, 080H, 010H, 040H, 020H, 004H
0109 402004    
                     290     ;
                     291     ;================================================================
                     292     ;
                     293     ;       LCD 2x16 BYTE TRANSMIT
                     294     ;
010C EF              295     _LCDTRAN:       MOV     A, R7                   ;ACC = BYTE
010D 7800     F      296                     MOV     R0, #BIMAGE
010F 2000FD   F      297     LCDLOOP:        JB      FL2X16, LCDLOOP         ;WAIT FOR CLOCKHANDLER
0112 D6              298                     XCHD    A, @R0                  ;LOW(BIMAGE) = LOW(ACC)
0113 D200     F      299                     SETB    FL2X16
0115 22              300                     RET
                     301     ;
                     302     ;================================================================
                     303     ;
                     304     ;       KBHIT FUNCTION (BORLAND-LIKE)
                     305     ;
0116 E500     F      306     KBHIT:          MOV     A, SKEY                 ;SCANNING THE SERIAL KEYBOARD
0118 543F            307                     ANL     A, #3FH
011A B5001B   F      308                     CJNE    A, SCODE, DIFCODE
011D E500     F      309     PARALLEL:       MOV     A, PKEY
011F C500     F      310                     XCH     A, PCODE
0121 6500     F      311                     XRL     A, PCODE
0123 6010            312                     JZ      KBHOUT
0125 E500     F      313                     MOV     A, PCODE
0127 600C            314                     JZ      KBHOUT
0129 750000   F      315                     MOV     SKEY, #0
012C 750000   F      316                     MOV     SCODE, #0
012F 4440            317                     ORL     A, #40H
0131 F500     F      318     GOTCODE:        MOV     SCANCODE, A
0133 D200     F      319                     SETB    FKEY
0135 A200     F      320     KBHOUT:         MOV     C, FKEY
0137 22              321                     RET
0138 C500     F      322     DIFCODE:        XCH     A, SCODE
013A 2500     F      323                     ADD     A, SCODE
013C 543F            324                     ANL     A, #3FH
013E 60DD            325                     JZ      PARALLEL
0140 E500     F      326                     MOV     A, SCODE
0142 60D9            327                     JZ      PARALLEL
0144 80EB            328                     SJMP    GOTCODE
                     329     ;
                     330     ;================================================================
                     331     ;
                     332     ;              A/D SAMPLING ROUTINE
                     333     ;
0146 D291            334     ATODIN:         SETB    ASEL
0148 7E00            335                     MOV     R6, #0
A51 MACRO ASSEMBLER      AFUN                                                                DATE  09/05/10   PAGE     7


LOC  OBJ            LINE     SOURCE

014A 7401            336                     MOV     A, #1
014C C3              337                     CLR     C
014D A090            338     ADLOOP:         ORL     C, /ADATA
014F C293            339                     CLR     SCL
0151 33              340                     RLC     A
0152 CE              341                     XCH     A, R6
0153 D293            342                     SETB    SCL
0155 33              343                     RLC     A
0156 CE              344                     XCH     A, R6
0157 50F4            345                     JNC     ADLOOP
0159 C291            346                     CLR     ASEL
015B FF              347                     MOV     R7, A
015C 22              348                     RET
                     349     ;
                     350     ;================================================================
                     351     ;
                     352     ;              FORCED TEST MODE JUMP (ADDRESS SAVED AT CYCLAD)
                     353     ;
015D 900000   F      354     RECYCLE:        MOV     DPTR, #CYCLAD
0160 E0              355                     MOVX    A, @DPTR
0161 FA              356                     MOV     R2, A
0162 A3              357                     INC     DPTR
0163 E0              358                     MOVX    A, @DPTR
0164 F583            359                     MOV     DPH, A
0166 8A82            360                     MOV     DPL, R2
0168 D200     F      361                     SETB    FSTAB
016A E4              362                     CLR     A
016B 73              363                     JMP     @A+DPTR
                     364     ;
                     365     ;================================================================
                     366     ;
                     367     ;              RELAY SETTING FROM THE INTEGER INTO R6-R7
                     368     ;
016C 900000   F      369     _RELSET:        MOV     DPTR, #RELBUF+2
016F D2D5            370                     SETB    F0
0171 EF              371                     MOV     A, R7
0172 7A04            372     RELOOP:         MOV     R2, #4
0174 75F011          373     RELBIT:         MOV     B, #11H
0177 13              374                     RRC     A
0178 5003            375                     JNC     $+5
017A 43F006          376                     ORL     B, #6
017D 13              377                     RRC     A
017E 5003            378                     JNC     $+5
0180 43F060          379                     ORL     B, #60H
0183 C5F0            380                     XCH     A, B
0185 F0              381                     MOVX    @DPTR, A
0186 A3              382                     INC     DPTR
0187 E5F0            383                     MOV     A, B
0189 DAE9            384                     DJNZ    R2, RELBIT
018B EE              385                     MOV     A, R6
018C 10D5E3          386                     JBC     F0, RELOOP
018F 22              387                     RET
                     388     ;
                     389     ;================================================================
                     390     ;
0190 7480            391     _MIRROR:       MOV     A, #80H
0192 CF              392     MIRLOOP:       XCH     A, R7
0193 33              393                    RLC     A
0194 CF              394                    XCH     A, R7
A51 MACRO ASSEMBLER      AFUN                                                                DATE  09/05/10   PAGE     8


LOC  OBJ            LINE     SOURCE

0195 13              395                    RRC     A
0196 50FA            396                    JNC     MIRLOOP
0198 FF              397                    MOV     R7, A
0199 22              398                    RET
                     399     ;
                     400     ;================================================================
                     401     ;
                     402                     END
                             
A51 MACRO ASSEMBLER      AFUN                                                                DATE  09/05/10   PAGE     9


SYMBOL TABLE LISTING
------ ----- -------


N A M E     T Y P E  V A L U E   ATTRIBUTES

?PR?AFUN .  C SEG    0000H            REL=UNIT
AC . . . .  B ADDR   00D0H.6 A
ACAL . . .  B ADDR   0090H.2 A
ACC. . . .  D ADDR   00E0H   A
ADATA. . .  B ADDR   0090H.0 A
ADLOOP . .  C ADDR   014DH   R        SEG=?PR?AFUN
AFUN . . .    ----   ----
ASEL . . .  B ADDR   0090H.1 A
ATODIN . .  C ADDR   0146H   R   PUB  SEG=?PR?AFUN
B. . . . .  D ADDR   00F0H   A
BEEPTIME .  D ADDR   ----        EXT
BIMAGE . .  D ADDR   ----        EXT
CLRSCR . .  C ADDR   0021H   R   PUB  SEG=?PR?AFUN
CP_RL2 . .  B ADDR   00C8H.0 A
CURSOK . .  C ADDR   0048H   R        SEG=?PR?AFUN
CURSOR . .  D ADDR   ----        EXT
CY . . . .  B ADDR   00D0H.7 A
CYCLAD . .  X ADDR   ----        EXT
C_T2 . . .  B ADDR   00C8H.1 A
DIFCODE. .  C ADDR   0138H   R        SEG=?PR?AFUN
DISBUF . .  X ADDR   ----        EXT
DISCOM . .  X ADDR   ----        EXT
DISFLAG. .  X ADDR   ----        EXT
DPH. . . .  D ADDR   0083H   A
DPL. . . .  D ADDR   0082H   A
EA . . . .  B ADDR   00A8H.7 A
ES . . . .  B ADDR   00A8H.4 A
ET0. . . .  B ADDR   00A8H.1 A
ET1. . . .  B ADDR   00A8H.3 A
ET2. . . .  B ADDR   00A8H.5 A
EX0. . . .  B ADDR   00A8H.0 A
EX1. . . .  B ADDR   00A8H.2 A
EXEN2. . .  B ADDR   00C8H.3 A
EXF2 . . .  B ADDR   00C8H.6 A
F0 . . . .  B ADDR   00D0H.5 A
FKEY . . .  B ADDR   ----        EXT
FL2X16 . .  B ADDR   ----        EXT
FLAGTAB. .  C ADDR   00FEH   R        SEG=?PR?AFUN
FSCROLL. .  B ADDR   ----        EXT
FSTAB. . .  B ADDR   ----        EXT
GOCHAR . .  C ADDR   0058H   R        SEG=?PR?AFUN
GOTCODE. .  C ADDR   0131H   R        SEG=?PR?AFUN
IE . . . .  D ADDR   00A8H   A
IE0. . . .  B ADDR   0088H.1 A
IE1. . . .  B ADDR   0088H.3 A
INT0 . . .  B ADDR   00B0H.2 A
INT1 . . .  B ADDR   00B0H.3 A
IP . . . .  D ADDR   00B8H   A
IT0. . . .  B ADDR   0088H.0 A
IT1. . . .  B ADDR   0088H.2 A
KBDBIT . .  B ADDR   0090H.6 A
KBHIT. . .  C ADDR   0116H   R   PUB  SEG=?PR?AFUN
KBHOUT . .  C ADDR   0135H   R        SEG=?PR?AFUN
LCDLOOP. .  C ADDR   010FH   R        SEG=?PR?AFUN
MAGOUT . .  C ADDR   00F9H   R        SEG=?PR?AFUN
A51 MACRO ASSEMBLER      AFUN                                                                DATE  09/05/10   PAGE    10


N A M E     T Y P E  V A L U E   ATTRIBUTES

MAGTAB . .  C ADDR   007FH   R   PUB  SEG=?PR?AFUN
MIRLOOP. .  C ADDR   0192H   R        SEG=?PR?AFUN
NEWLINE. .  C ADDR   002DH   R        SEG=?PR?AFUN
NOBELL . .  C ADDR   0018H   R        SEG=?PR?AFUN
NOCURSOR .  C ADDR   0031H   R        SEG=?PR?AFUN
NOFLAG . .  C ADDR   00FDH   R        SEG=?PR?AFUN
NOMAG. . .  C ADDR   0027H   R        SEG=?PR?AFUN
NOPUT. . .  C ADDR   0070H   R        SEG=?PR?AFUN
OCHECK . .  B ADDR   ----        EXT
OV . . . .  B ADDR   00D0H.2 A
P. . . . .  B ADDR   00D0H.0 A
P0 . . . .  D ADDR   0080H   A
P1 . . . .  D ADDR   0090H   A
P2 . . . .  D ADDR   00A0H   A
P3 . . . .  D ADDR   00B0H   A
PARALLEL .  C ADDR   011DH   R        SEG=?PR?AFUN
PCODE. . .  D ADDR   ----        EXT
PCON . . .  D ADDR   0087H   A
PERIOD . .  C ADDR   004FH   R        SEG=?PR?AFUN
PKEY . . .  D ADDR   ----        EXT
PORTA. . .  N NUMB   FF02H   A
PORTB. . .  N NUMB   FF02H   A
PS . . . .  B ADDR   00B8H.4 A
PSW. . . .  D ADDR   00D0H   A
PT0. . . .  B ADDR   00B8H.1 A
PT1. . . .  B ADDR   00B8H.3 A
PT2. . . .  B ADDR   00B8H.5 A
PX0. . . .  B ADDR   00B8H.0 A
PX1. . . .  B ADDR   00B8H.2 A
RB8. . . .  B ADDR   0098H.2 A
RCAP2H . .  D ADDR   00CBH   A
RCAP2L . .  D ADDR   00CAH   A
RCLK . . .  B ADDR   00C8H.5 A
RD . . . .  B ADDR   00B0H.7 A
RECYCLE. .  C ADDR   015DH   R   PUB  SEG=?PR?AFUN
RELBIT . .  C ADDR   0174H   R        SEG=?PR?AFUN
RELBUF . .  X ADDR   ----        EXT
RELOOP . .  C ADDR   0172H   R        SEG=?PR?AFUN
REN. . . .  B ADDR   0098H.4 A
RI . . . .  B ADDR   0098H.0 A
RS0. . . .  B ADDR   00D0H.3 A
RS1. . . .  B ADDR   00D0H.4 A
RXD. . . .  B ADDR   00B0H.0 A
SBUF . . .  D ADDR   0099H   A
SCANCODE .  D ADDR   ----        EXT
SCL. . . .  B ADDR   0090H.3 A
SCODE. . .  D ADDR   ----        EXT
SCON . . .  D ADDR   0098H   A
SCRLOOP. .  C ADDR   0077H   R        SEG=?PR?AFUN
SCROLL . .  C ADDR   0071H   R        SEG=?PR?AFUN
SETCURSOR.  C ADDR   001EH   R        SEG=?PR?AFUN
SKEY . . .  D ADDR   ----        EXT
SM0. . . .  B ADDR   0098H.7 A
SM1. . . .  B ADDR   0098H.6 A
SM2. . . .  B ADDR   0098H.5 A
SP . . . .  D ADDR   0081H   A
SPOUT. . .  B ADDR   0090H.7 A
T0 . . . .  B ADDR   00B0H.4 A
T1 . . . .  B ADDR   00B0H.5 A
A51 MACRO ASSEMBLER      AFUN                                                                DATE  09/05/10   PAGE    11


N A M E     T Y P E  V A L U E   ATTRIBUTES

T2 . . . .  B ADDR   0090H.0 A
T2CON. . .  D ADDR   00C8H   A
T2EX . . .  B ADDR   0090H.1 A
TB8. . . .  B ADDR   0098H.3 A
TCLK . . .  B ADDR   00C8H.4 A
TCON . . .  D ADDR   0088H   A
TF0. . . .  B ADDR   0088H.5 A
TF1. . . .  B ADDR   0088H.7 A
TF2. . . .  B ADDR   00C8H.7 A
TH0. . . .  D ADDR   008CH   A
TH1. . . .  D ADDR   008DH   A
TH2. . . .  D ADDR   00CDH   A
TI . . . .  B ADDR   0098H.1 A
TL0. . . .  D ADDR   008AH   A
TL1. . . .  D ADDR   008BH   A
TL2. . . .  D ADDR   00CCH   A
TMOD . . .  D ADDR   0089H   A
TR0. . . .  B ADDR   0088H.4 A
TR1. . . .  B ADDR   0088H.6 A
TR2. . . .  B ADDR   00C8H.2 A
TXD. . . .  B ADDR   00B0H.1 A
WATCHDOG .  C ADDR   0001H   R   PUB  SEG=?PR?AFUN
WR . . . .  B ADDR   00B0H.6 A
_BELL. . .  C ADDR   000CH   R   PUB  SEG=?PR?AFUN
_FLAG. . .  C ADDR   00DFH   R   PUB  SEG=?PR?AFUN
_LCDTRAN .  C ADDR   010CH   R   PUB  SEG=?PR?AFUN
_MIRROR. .  C ADDR   0190H   R   PUB  SEG=?PR?AFUN
_NADA. . .  C ADDR   0000H   R   PUB  SEG=?PR?AFUN
_PUTCHAR .  C ADDR   0007H   R   PUB  SEG=?PR?AFUN
_RELSET. .  C ADDR   016CH   R   PUB  SEG=?PR?AFUN


REGISTER BANK(S) USED: 0

ASSEMBLY COMPLETE, NO ERRORS FOUND
